Matches:
Found search 'samoa': common='American Samoa', official='American Samoa', alt=['AS', 'Amerika Sāmoa', 'Amelika Sāmoa', 'Sāmoa Amelika']
Found search 'central african republic': common='Central African Republic', official='Central African Republic', alt=['CF', 'Central African Republic', 'République centrafricaine']
Found search 'dr congo': common='DR Congo', official='Democratic Republic of the Congo', alt=['CD', 'DR Congo', 'Congo-Kinshasa', 'Congo, the Democratic Republic of the', 'Democratic Republic of Congo', 'DRC']
Found search 'congo': common='DR Congo', official='Democratic Republic of the Congo', alt=['CD', 'DR Congo', 'Congo-Kinshasa', 'Congo, the Democratic Republic of the', 'Democratic Republic of Congo', 'DRC']
Found search 'congo': common='Congo', official='Republic of the Congo', alt=['CG', 'Congo', 'Congo-Brazzaville']
Found search 'dominican republic': common='Dominican Republic', official='Dominican Republic', alt=['DO']
Found search 'saint kitts and nevis': common='Saint Kitts and Nevis', official='Federation of Saint Christopher and Nevis', alt=['KN', 'Federation of Saint Christopher and Nevis']
Found search 'saint lucia': common='Saint Lucia', official='Saint Lucia', alt=['LC']
Found search 'moldova': common='Moldova', official='Republic of Moldova', alt=['MD', 'Moldova, Republic of', 'Republic of Moldova', 'Republica Moldova']
Found search 'madagascar': common='Madagascar', official='Republic of Madagascar', alt=['MG', 'Republic of Madagascar', "Repoblikan'i Madagasikara", 'République de Madagascar']
Found search 'mozambique': common='Mozambique', official='Republic of Mozambique', alt=['MZ', 'Republic of Mozambique', 'República de Moçambique']
Found search 'romania': common='Romania', official='Romania', alt=['RO', 'Rumania', 'Roumania', 'România']
Found search 'russia': common='Russia', official='Russian Federation', alt=['RU', 'Russian Federation', 'Российская Федерация']
Found search 'rwanda': common='Rwanda', official='Republic of Rwanda', alt=['RW', 'Republic of Rwanda', "Repubulika y'u Rwanda", 'République du Rwanda']
Found search 'sudan': common='Sudan', official='Republic of the Sudan', alt=['SD', 'Republic of the Sudan', 'Jumhūrīyat as-Sūdān']
Found search 'serbia': common='Serbia', official='Republic of Serbia', alt=['RS', 'Srbija', 'Republika Srbija', 'Србија', 'Република Србија', 'Republic of Serbia']
Found search 'sudan': common='South Sudan', official='Republic of South Sudan', alt=['SS']
Found search 'timor-leste': common='Timor-Leste', official='Democratic Republic of Timor-Leste', alt=['TL', 'East Timor', 'Timor', 'Democratic Republic of Timor-Leste', 'República Democrática de Timor-Leste', 'Repúblika Demokrátika Timór-Leste', "Timór Lorosa'e", 'Timor Lorosae']
Found search 'tanzania': common='Tanzania', official='United Republic of Tanzania', alt=['TZ', 'Tanzania, United Republic of', 'United Republic of Tanzania', 'Jamhuri ya Muungano wa Tanzania']
Found search 'uganda': common='Uganda', official='Republic of Uganda', alt=['UG', 'Republic of Uganda', 'Jamhuri ya Uganda']
Found search 'saint vincent and the grenadines': common='Saint Vincent and the Grenadines', official='Saint Vincent and the Grenadines', alt=['VC']
Found search 'samoa': common='Samoa', official='Independent State of Samoa', alt=['WS', 'Independent State of Samoa', 'Malo Saʻoloto Tutoʻatasi o Sāmoa']
Found search 'zambia': common='Zambia', official='Republic of Zambia', alt=['ZM', 'Republic of Zambia']
Found search 'zimbabwe': common='Zimbabwe', official='Republic of Zimbabwe', alt=['ZW', 'Republic of Zimbabwe']
