src/app/select-country/data/countries/afrika/maroko.ts(98,5): error TS2322: Type 'string' is not assignable to type 'number'.
src/app/select-country/data/countries/afrika/mauritania.ts(98,5): error TS2322: Type 'string' is not assignable to type 'number'.
src/app/select-country/data/countries/afrika/mauritius.ts(98,5): error TS2322: Type 'string' is not assignable to type 'number'.
src/app/select-country/data/countries/asia/mongolia.ts(98,5): error TS2322: Type 'string' is not assignable to type 'number'.
src/app/select-country/data/countries/eropa/moldova.ts(98,5): error TS2322: Type 'string' is not assignable to type 'number'.
src/app/select-country/data/countries/eropa/monako.ts(98,5): error TS2322: Type 'string' is not assignable to type 'number'.
src/app/select-country/data/countries/eropa/montenegro.ts(98,5): error TS2322: Type 'string' is not assignable to type 'number'.
src/app/select-country/data/countries/index.ts(3,278): error TS2300: Duplicate identifier 'mongolia'.
src/app/select-country/data/countries/index.ts(3,288): error TS2300: Duplicate identifier 'mongolia'.
src/app/select-country/data/countries/index.ts(4,236): error TS2300: Duplicate identifier 'maroko'.
src/app/select-country/data/countries/index.ts(4,244): error TS2300: Duplicate identifier 'mauritania'.
src/app/select-country/data/countries/index.ts(4,256): error TS2300: Duplicate identifier 'mauritius'.
src/app/select-country/data/countries/index.ts(4,267): error TS2300: Duplicate identifier 'maroko'.
src/app/select-country/data/countries/index.ts(4,275): error TS2300: Duplicate identifier 'mauritania'.
src/app/select-country/data/countries/index.ts(4,287): error TS2300: Duplicate identifier 'mauritius'.
src/app/select-country/data/countries/index.ts(5,240): error TS2300: Duplicate identifier 'moldova'.
src/app/select-country/data/countries/index.ts(5,249): error TS2300: Duplicate identifier 'monako'.
src/app/select-country/data/countries/index.ts(5,257): error TS2300: Duplicate identifier 'montenegro'.
src/app/select-country/data/countries/index.ts(5,269): error TS2300: Duplicate identifier 'moldova'.
src/app/select-country/data/countries/index.ts(5,278): error TS2300: Duplicate identifier 'monako'.
src/app/select-country/data/countries/index.ts(5,286): error TS2300: Duplicate identifier 'montenegro'.
src/app/select-country/data/countries/index.ts(6,169): error TS2300: Duplicate identifier 'meksiko'.
src/app/select-country/data/countries/index.ts(6,178): error TS2300: Duplicate identifier 'meksiko'.
src/app/select-country/data/countries/index.ts(8,37): error TS2300: Duplicate identifier 'marshall'.
src/app/select-country/data/countries/index.ts(8,47): error TS2300: Duplicate identifier 'mikronesia'.
src/app/select-country/data/countries/index.ts(8,59): error TS2300: Duplicate identifier 'marshall'.
src/app/select-country/data/countries/index.ts(8,69): error TS2300: Duplicate identifier 'mikronesia'.
src/app/select-country/data/countries/na/meksiko.ts(98,5): error TS2322: Type 'string' is not assignable to type 'number'.
src/app/select-country/data/countries/oceania/marshall.ts(98,5): error TS2322: Type 'string' is not assignable to type 'number'.
src/app/select-country/data/countries/oceania/mikronesia.ts(98,5): error TS2322: Type 'string' is not assignable to type 'number'.
